// Jest Snapshot v1, https://goo.gl/fbAQLP

exports[`Home renders the Home Page and make a snapshot 1`] = `
<DocumentFragment>
  <div
    class="Home"
  >
    <h1
      class="title"
    >
      Covid 19 in South American Countries
    </h1>
    <div
      class="first-card-cont"
    >
      <img
        alt="South american countries"
        class="sac-img"
        src="Southamerica.svg"
      />
      <div
        class="first-card"
      >
        <h2
          class="subtitle"
        >
          South America
        </h2>
        <p
          class="description"
        >
          442.5M hab
        </p>
        <button
          class="btn-about"
          type="button"
        >
          About
        </button>
      </div>
    </div>
    <div
      class="second-card-cont"
    >
      <h2
        class="stats"
      >
        STATS BY COUNTRY
      </h2>
      <div
        class="second-card"
      />
    </div>
  </div>
</DocumentFragment>
`;
